// Jest Snapshot v1, https://goo.gl/fbAQLP

exports[`PeriodForm should render grid 1`] = `
Array [
  <div
    className="MuiGrid-root MuiGrid-container MuiGrid-spacing-xs-1"
  >
    <div
      className="MuiGrid-root MuiGrid-item MuiGrid-grid-xs-6"
    >
      <div
        className="MuiFormControl-root MuiTextField-root MuiFormControl-fullWidth"
        format="MMMM Do"
        onClick={[Function]}
        onKeyDown={[Function]}
      >
        <label
          className="MuiFormLabel-root MuiInputLabel-root MuiInputLabel-formControl MuiInputLabel-animated"
          data-shrink={false}
        >
          From
        </label>
        <div
          className="MuiInputBase-root MuiInput-root MuiInput-underline MuiInputBase-fullWidth MuiInput-fullWidth MuiInputBase-formControl MuiInput-formControl"
          onClick={[Function]}
        >
          <input
            aria-invalid={false}
            autoFocus={false}
            className="MuiInputBase-input MuiInput-input"
            disabled={false}
            onAnimationStart={[Function]}
            onBlur={[Function]}
            onChange={[Function]}
            onFocus={[Function]}
            readOnly={true}
            required={false}
            type="text"
            value="January 1st"
          />
        </div>

      </div>
    </div>
    <div
      className="MuiGrid-root MuiGrid-item MuiGrid-grid-xs-6"
    >
      <div
        className="MuiFormControl-root MuiTextField-root MuiFormControl-fullWidth"
        format="MMMM Do"
        onClick={[Function]}
        onKeyDown={[Function]}
      >
        <label
          className="MuiFormLabel-root MuiInputLabel-root MuiInputLabel-formControl MuiInputLabel-animated"
          data-shrink={false}
        >
          To
        </label>
        <div
          className="MuiInputBase-root MuiInput-root MuiInput-underline MuiInputBase-fullWidth MuiInput-fullWidth MuiInputBase-formControl MuiInput-formControl"
          onClick={[Function]}
        >
          <input
            aria-invalid={false}
            autoFocus={false}
            className="MuiInputBase-input MuiInput-input"
            disabled={false}
            onAnimationStart={[Function]}
            onBlur={[Function]}
            onChange={[Function]}
            onFocus={[Function]}
            readOnly={true}
            required={false}
            type="text"
            value="January 10th"
          />
        </div>

      </div>
    </div>
  </div>,
  <br />,
  <hr
    className="MuiDivider-root"
  />,
  <br />,
  <div
    className="MuiGrid-root MuiGrid-container MuiGrid-spacing-xs-1"
  >
    <div
      className="MuiGrid-root MuiGrid-item MuiGrid-grid-xs-2"
    >
      <p
        className="MuiTypography-root MuiTypography-body1"
      >
        Week
      </p>
    </div>
    <div
      className="MuiGrid-root MuiGrid-item MuiGrid-grid-xs-1"
    >
      <p
        className="MuiTypography-root MuiTypography-body1"
      >
        Zo
      </p>
    </div>
    <div
      className="MuiGrid-root MuiGrid-item MuiGrid-grid-xs-1"
    >
      <p
        className="MuiTypography-root MuiTypography-body1"
      >
        Ma
      </p>
    </div>
    <div
      className="MuiGrid-root MuiGrid-item MuiGrid-grid-xs-1"
    >
      <p
        className="MuiTypography-root MuiTypography-body1"
      >
        Di
      </p>
    </div>
    <div
      className="MuiGrid-root MuiGrid-item MuiGrid-grid-xs-1"
    >
      <p
        className="MuiTypography-root MuiTypography-body1"
      >
        Wo
      </p>
    </div>
    <div
      className="MuiGrid-root MuiGrid-item MuiGrid-grid-xs-1"
    >
      <p
        className="MuiTypography-root MuiTypography-body1"
      >
        Do
      </p>
    </div>
    <div
      className="MuiGrid-root MuiGrid-item MuiGrid-grid-xs-1"
    >
      <p
        className="MuiTypography-root MuiTypography-body1"
      >
        Vr
      </p>
    </div>
    <div
      className="MuiGrid-root MuiGrid-item MuiGrid-grid-xs-1"
    >
      <p
        className="MuiTypography-root MuiTypography-body1"
      >
        Za
      </p>
    </div>
    <div
      className="MuiGrid-root MuiGrid-item MuiGrid-grid-xs-1"
    />
    <div
      className="MuiGrid-root MuiGrid-item MuiGrid-grid-xs-2"
    >
      <p
        className="MuiTypography-root MuiTypography-body1"
      >
        Total
      </p>
    </div>
  </div>,
  <div
    className="MuiGrid-root MuiGrid-container MuiGrid-spacing-xs-1"
  >
    <div
      className="MuiGrid-root MuiGrid-item MuiGrid-grid-xs-2"
    >
      <p
        className="MuiTypography-root MuiTypography-body1"
      >
        1
      </p>
    </div>
    <div
      className="MuiGrid-root MuiGrid-item MuiGrid-grid-xs-1"
    >
      <div
        className="MuiFormControl-root MuiTextField-root"
      >
        <div
          className="MuiInputBase-root MuiInput-root MuiInput-underline Mui-disabled Mui-disabled MuiInputBase-formControl MuiInput-formControl"
          onClick={[Function]}
        >
          <input
            aria-invalid={false}
            autoFocus={false}
            className="MuiInputBase-input MuiInput-input Mui-disabled Mui-disabled"
            disabled={true}
            onAnimationStart={[Function]}
            onBlur={[Function]}
            onChange={[Function]}
            onFocus={[Function]}
            required={false}
            type="text"
            value=""
          />
        </div>
      </div>
    </div>
    <div
      className="MuiGrid-root MuiGrid-item MuiGrid-grid-xs-1"
    >
      <div
        className="MuiFormControl-root MuiTextField-root"
      >
        <div
          className="MuiInputBase-root MuiInput-root MuiInput-underline Mui-disabled Mui-disabled MuiInputBase-formControl MuiInput-formControl"
          onClick={[Function]}
        >
          <input
            aria-invalid={false}
            autoFocus={false}
            className="MuiInputBase-input MuiInput-input Mui-disabled Mui-disabled"
            disabled={true}
            onAnimationStart={[Function]}
            onBlur={[Function]}
            onChange={[Function]}
            onFocus={[Function]}
            required={false}
            type="text"
            value=""
          />
        </div>
      </div>
    </div>
    <div
      className="MuiGrid-root MuiGrid-item MuiGrid-grid-xs-1"
    >
      <div
        className="MuiFormControl-root MuiTextField-root"
      >
        <div
          className="MuiInputBase-root MuiInput-root MuiInput-underline Mui-disabled Mui-disabled MuiInputBase-formControl MuiInput-formControl"
          onClick={[Function]}
        >
          <input
            aria-invalid={false}
            autoFocus={false}
            className="MuiInputBase-input MuiInput-input Mui-disabled Mui-disabled"
            disabled={true}
            onAnimationStart={[Function]}
            onBlur={[Function]}
            onChange={[Function]}
            onFocus={[Function]}
            required={false}
            type="text"
            value=""
          />
        </div>
      </div>
    </div>
    <div
      className="MuiGrid-root MuiGrid-item MuiGrid-grid-xs-1"
    >
      <div
        className="MuiFormControl-root MuiTextField-root"
      >
        <div
          className="MuiInputBase-root MuiInput-root MuiInput-underline MuiInputBase-formControl MuiInput-formControl"
          onClick={[Function]}
        >
          <input
            aria-invalid={false}
            autoFocus={false}
            className="MuiInputBase-input MuiInput-input"
            disabled={false}
            onAnimationStart={[Function]}
            onBlur={[Function]}
            onChange={[Function]}
            onFocus={[Function]}
            required={false}
            type="text"
            value="8"
          />
        </div>
      </div>
    </div>
    <div
      className="MuiGrid-root MuiGrid-item MuiGrid-grid-xs-1"
    >
      <div
        className="MuiFormControl-root MuiTextField-root"
      >
        <div
          className="MuiInputBase-root MuiInput-root MuiInput-underline MuiInputBase-formControl MuiInput-formControl"
          onClick={[Function]}
        >
          <input
            aria-invalid={false}
            autoFocus={false}
            className="MuiInputBase-input MuiInput-input"
            disabled={false}
            onAnimationStart={[Function]}
            onBlur={[Function]}
            onChange={[Function]}
            onFocus={[Function]}
            required={false}
            type="text"
            value="8"
          />
        </div>
      </div>
    </div>
    <div
      className="MuiGrid-root MuiGrid-item MuiGrid-grid-xs-1"
    >
      <div
        className="MuiFormControl-root MuiTextField-root"
      >
        <div
          className="MuiInputBase-root MuiInput-root MuiInput-underline MuiInputBase-formControl MuiInput-formControl"
          onClick={[Function]}
        >
          <input
            aria-invalid={false}
            autoFocus={false}
            className="MuiInputBase-input MuiInput-input"
            disabled={false}
            onAnimationStart={[Function]}
            onBlur={[Function]}
            onChange={[Function]}
            onFocus={[Function]}
            required={false}
            type="text"
            value="8"
          />
        </div>
      </div>
    </div>
    <div
      className="MuiGrid-root MuiGrid-item MuiGrid-grid-xs-1"
    >
      <div
        className="MuiFormControl-root MuiTextField-root"
      >
        <div
          className="MuiInputBase-root MuiInput-root MuiInput-underline MuiInputBase-formControl MuiInput-formControl"
          onClick={[Function]}
        >
          <input
            aria-invalid={false}
            autoFocus={false}
            className="MuiInputBase-input MuiInput-input"
            disabled={false}
            onAnimationStart={[Function]}
            onBlur={[Function]}
            onChange={[Function]}
            onFocus={[Function]}
            required={false}
            type="text"
            value="0"
          />
        </div>
      </div>
    </div>
    <div
      className="MuiGrid-root MuiGrid-item MuiGrid-grid-xs-1"
    />
    <div
      className="MuiGrid-root MuiGrid-item MuiGrid-grid-xs-2"
    >
      <p
        className="MuiTypography-root MuiTypography-body1"
      >
        24
      </p>
    </div>
  </div>,
  <div
    className="MuiGrid-root MuiGrid-container MuiGrid-spacing-xs-1"
  >
    <div
      className="MuiGrid-root MuiGrid-item MuiGrid-grid-xs-2"
    >
      <p
        className="MuiTypography-root MuiTypography-body1"
      >
        2
      </p>
    </div>
    <div
      className="MuiGrid-root MuiGrid-item MuiGrid-grid-xs-1"
    >
      <div
        className="MuiFormControl-root MuiTextField-root"
      >
        <div
          className="MuiInputBase-root MuiInput-root MuiInput-underline MuiInputBase-formControl MuiInput-formControl"
          onClick={[Function]}
        >
          <input
            aria-invalid={false}
            autoFocus={false}
            className="MuiInputBase-input MuiInput-input"
            disabled={false}
            onAnimationStart={[Function]}
            onBlur={[Function]}
            onChange={[Function]}
            onFocus={[Function]}
            required={false}
            type="text"
            value="0"
          />
        </div>
      </div>
    </div>
    <div
      className="MuiGrid-root MuiGrid-item MuiGrid-grid-xs-1"
    >
      <div
        className="MuiFormControl-root MuiTextField-root"
      >
        <div
          className="MuiInputBase-root MuiInput-root MuiInput-underline MuiInputBase-formControl MuiInput-formControl"
          onClick={[Function]}
        >
          <input
            aria-invalid={false}
            autoFocus={false}
            className="MuiInputBase-input MuiInput-input"
            disabled={false}
            onAnimationStart={[Function]}
            onBlur={[Function]}
            onChange={[Function]}
            onFocus={[Function]}
            required={false}
            type="text"
            value="8"
          />
        </div>
      </div>
    </div>
    <div
      className="MuiGrid-root MuiGrid-item MuiGrid-grid-xs-1"
    >
      <div
        className="MuiFormControl-root MuiTextField-root"
      >
        <div
          className="MuiInputBase-root MuiInput-root MuiInput-underline MuiInputBase-formControl MuiInput-formControl"
          onClick={[Function]}
        >
          <input
            aria-invalid={false}
            autoFocus={false}
            className="MuiInputBase-input MuiInput-input"
            disabled={false}
            onAnimationStart={[Function]}
            onBlur={[Function]}
            onChange={[Function]}
            onFocus={[Function]}
            required={false}
            type="text"
            value="8"
          />
        </div>
      </div>
    </div>
    <div
      className="MuiGrid-root MuiGrid-item MuiGrid-grid-xs-1"
    >
      <div
        className="MuiFormControl-root MuiTextField-root"
      >
        <div
          className="MuiInputBase-root MuiInput-root MuiInput-underline MuiInputBase-formControl MuiInput-formControl"
          onClick={[Function]}
        >
          <input
            aria-invalid={false}
            autoFocus={false}
            className="MuiInputBase-input MuiInput-input"
            disabled={false}
            onAnimationStart={[Function]}
            onBlur={[Function]}
            onChange={[Function]}
            onFocus={[Function]}
            required={false}
            type="text"
            value="8"
          />
        </div>
      </div>
    </div>
    <div
      className="MuiGrid-root MuiGrid-item MuiGrid-grid-xs-1"
    >
      <div
        className="MuiFormControl-root MuiTextField-root"
      >
        <div
          className="MuiInputBase-root MuiInput-root MuiInput-underline MuiInputBase-formControl MuiInput-formControl"
          onClick={[Function]}
        >
          <input
            aria-invalid={false}
            autoFocus={false}
            className="MuiInputBase-input MuiInput-input"
            disabled={false}
            onAnimationStart={[Function]}
            onBlur={[Function]}
            onChange={[Function]}
            onFocus={[Function]}
            required={false}
            type="text"
            value="8"
          />
        </div>
      </div>
    </div>
    <div
      className="MuiGrid-root MuiGrid-item MuiGrid-grid-xs-1"
    >
      <div
        className="MuiFormControl-root MuiTextField-root"
      >
        <div
          className="MuiInputBase-root MuiInput-root MuiInput-underline MuiInputBase-formControl MuiInput-formControl"
          onClick={[Function]}
        >
          <input
            aria-invalid={false}
            autoFocus={false}
            className="MuiInputBase-input MuiInput-input"
            disabled={false}
            onAnimationStart={[Function]}
            onBlur={[Function]}
            onChange={[Function]}
            onFocus={[Function]}
            required={false}
            type="text"
            value="8"
          />
        </div>
      </div>
    </div>
    <div
      className="MuiGrid-root MuiGrid-item MuiGrid-grid-xs-1"
    >
      <div
        className="MuiFormControl-root MuiTextField-root"
      >
        <div
          className="MuiInputBase-root MuiInput-root MuiInput-underline Mui-disabled Mui-disabled MuiInputBase-formControl MuiInput-formControl"
          onClick={[Function]}
        >
          <input
            aria-invalid={false}
            autoFocus={false}
            className="MuiInputBase-input MuiInput-input Mui-disabled Mui-disabled"
            disabled={true}
            onAnimationStart={[Function]}
            onBlur={[Function]}
            onChange={[Function]}
            onFocus={[Function]}
            required={false}
            type="text"
            value=""
          />
        </div>
      </div>
    </div>
    <div
      className="MuiGrid-root MuiGrid-item MuiGrid-grid-xs-1"
    />
    <div
      className="MuiGrid-root MuiGrid-item MuiGrid-grid-xs-2"
    >
      <p
        className="MuiTypography-root MuiTypography-body1"
      >
        40
      </p>
    </div>
  </div>,
]
`;
